// Jest Snapshot v1, https://goo.gl/fbAQLP

exports[`Login View : renders correctly 1`] = `
<div
  className="wrapper-login"
>
  <Row
    gutter={0}
    justify="center"
    type="flex"
  >
    <Col
      className="container"
      md={8}
      sm={18}
      xs={18}
    >
      <div
        className="logo"
      >
        <img
          alt="logo"
          src={null}
        />
      </div>
      <Form
        className="form-login"
        hideRequiredMark={false}
        layout="horizontal"
        onSubmit={[Function]}
        prefixCls="ant-form"
      >
        <FormItem
          colon={true}
          hasFeedback={false}
          prefixCls="ant-form"
        >
          <Input
            className="input"
            disabled={false}
            id="email"
            name="email"
            onChange={[Function]}
            onPressEnter={[Function]}
            prefix={
              <Icon
                type="user"
              />
            }
            prefixCls="ant-input"
            type="email"
          />
        </FormItem>
        <FormItem
          colon={true}
          hasFeedback={false}
          prefixCls="ant-form"
        >
          <Input
            className="input"
            disabled={false}
            id="password"
            name="password"
            onChange={[Function]}
            onPressEnter={[Function]}
            prefix={
              <Icon
                type="lock"
              />
            }
            prefixCls="ant-input"
            type="password"
          />
        </FormItem>
        <FormItem
          className="div-login-button"
          colon={true}
          hasFeedback={false}
          prefixCls="ant-form"
        >
          <Button
            className="button-login"
            ghost={false}
            htmlType="button"
            loading={false}
            onClick={[Function]}
            prefixCls="ant-btn"
            type="primary"
          />
        </FormItem>
      </Form>
      <Translate(AccountKitView) />
      <div
        className="div-login"
      >
        <span>
            
        </span>
        <a
          href="/#/register"
          title="register"
        />
      </div>
      <LanguageChange
        changeLanguage={[Function]}
        t={
          [MockFunction] {
            "calls": Array [
              Array [
                "emailPalceholder",
              ],
              Array [
                "passwordPlaceholder",
              ],
              Array [
                "loginButton",
              ],
              Array [
                "doNotHaveAnAccount",
              ],
              Array [
                "signUp",
              ],
            ],
          }
        }
      />
    </Col>
  </Row>
</div>
`;
