// Jest Snapshot v1, https://goo.gl/fbAQLP

exports[`Login: renders correctly 1`] = `
<div
  className="wrapper-login"
>
  <Row
    gutter={0}
    justify="center"
    type="flex"
  >
    <Col
      className="container"
      md={8}
      sm={18}
      xs={18}
    >
      <div
        className="logo"
      >
        <img
          alt="logo"
          src={null}
        />
      </div>
      <Form
        className="form-login"
        hideRequiredMark={false}
        layout="horizontal"
        onSubmit={[Function]}
        prefixCls="ant-form"
      >
        <FormItem
          colon={true}
          hasFeedback={false}
          prefixCls="ant-form"
        >
          <Input
            className="input"
            disabled={false}
            id="email"
            name="email"
            onChange={[Function]}
            onPressEnter={[Function]}
            prefix={
              <Icon
                type="user"
              />
            }
            prefixCls="ant-input"
            type="email"
          />
        </FormItem>
        <FormItem
          colon={true}
          hasFeedback={false}
          prefixCls="ant-form"
        >
          <Input
            className="input"
            disabled={false}
            id="password"
            name="password"
            onChange={[Function]}
            onPressEnter={[Function]}
            prefix={
              <Icon
                type="lock"
              />
            }
            prefixCls="ant-input"
            type="password"
          />
        </FormItem>
        <FormItem
          className="div-login-button"
          colon={true}
          hasFeedback={false}
          prefixCls="ant-form"
        >
          <Button
            className="button-login"
            ghost={false}
            htmlType="button"
            loading={false}
            onClick={[Function]}
            prefixCls="ant-btn"
            type="primary"
          />
        </FormItem>
      </Form>
      <div
        className="account-kit"
      >
        <e
          appId="195477857985857"
          csrf="Demo-Account-Kit"
          disabled={false}
          language="en_US"
          loginType="EMAIL"
          onResponse={[Function]}
          version="v1.0"
        />
      </div>
      <div
        className="div-login"
      >
        <span>
            
        </span>
        <a
          href="/#/register"
          title="register"
        />
      </div>
      <div
        className="country-flag"
      >
        <span>
          :  
        </span>
        <Button
          ghost={false}
          id="vi-button"
          loading={false}
          onClick={[Function]}
          prefixCls="ant-btn"
        >
          <img
            alt="vn"
            src={null}
          />
        </Button>
              
        <Button
          className="en-flae"
          ghost={false}
          id="en-button"
          loading={false}
          onClick={[Function]}
          prefixCls="ant-btn"
        >
          <img
            alt="en"
            src={null}
          />
        </Button>
      </div>
    </Col>
  </Row>
</div>
`;
