// Jest Snapshot v1, https://goo.gl/fbAQLP

exports[`renders correctly 1`] = `
<div
  className="text-center"
>
  <header>
    <div
      className="top-left"
    >
      <Select
        choiceTransitionName="zoom"
        defaultValue="en-US"
        onChange={[Function]}
        prefixCls="ant-select"
        showSearch={false}
        transitionName="slide-up"
      >
        <Option
          key="VN"
          value="vi"
        >
          Tiếng Việt
        </Option>
        <Option
          key="US"
          value="en"
        >
          English
        </Option>
      </Select>
    </div>
  </header>
  <h2
    className="title"
  >
     
  </h2>
  <Button
    ghost={false}
    loading={false}
    onClick={[Function]}
    prefixCls="ant-btn"
    type="danger"
  />
</div>
`;
