// Jest Snapshot v1, https://goo.gl/fbAQLP

exports[`Register View:  render correctly  1`] = `
<div
  className="wrapper-register"
>
  <Row
    gutter={0}
    justify="center"
    type="flex"
  >
    <Col
      className="container"
      md={8}
      sm={18}
      xs={18}
    >
      <div
        className="logo"
      >
        <img
          alt="logo"
          src={null}
        />
        <h2
          className="title-register"
        />
      </div>
      <Form
        className="form-register"
        hideRequiredMark={false}
        layout="horizontal"
        onSubmit={[Function]}
        prefixCls="ant-form"
      >
        <FormItem
          className="margin-input"
          colon={true}
          hasFeedback={false}
          prefixCls="ant-form"
        >
          <Input
            className="input"
            disabled={false}
            id="username"
            name="name"
            onChange={[Function]}
            onPressEnter={[Function]}
            prefix={
              <Icon
                type="user"
              />
            }
            prefixCls="ant-input"
            type="text"
          />
        </FormItem>
        <FormItem
          className="margin-input"
          colon={true}
          hasFeedback={false}
          prefixCls="ant-form"
        >
          <Input
            className="input"
            disabled={false}
            id="email"
            name="email"
            onChange={[Function]}
            onPressEnter={[Function]}
            prefix={
              <Icon
                type="mail"
              />
            }
            prefixCls="ant-input"
            type="email"
          />
        </FormItem>
        <FormItem
          className="margin-input"
          colon={true}
          hasFeedback={false}
          prefixCls="ant-form"
        >
          <Input
            className="input"
            disabled={false}
            id="password"
            name="password"
            onChange={[Function]}
            onPressEnter={[Function]}
            prefix={
              <Icon
                type="lock"
              />
            }
            prefixCls="ant-input"
            type="password"
          />
        </FormItem>
        <FormItem
          className="margin-input"
          colon={true}
          hasFeedback={false}
          prefixCls="ant-form"
        >
          <Input
            className="input"
            disabled={false}
            id="repassword"
            name="rePassword"
            onChange={[Function]}
            onPressEnter={[Function]}
            prefix={
              <Icon
                type="lock"
              />
            }
            prefixCls="ant-input"
            type="password"
          />
        </FormItem>
        <FormItem
          className="margin-input"
          colon={true}
          hasFeedback={false}
          prefixCls="ant-form"
        >
          <Input
            className="input"
            disabled={false}
            id="age"
            name="age"
            onChange={[Function]}
            onPressEnter={[Function]}
            prefix={
              <Icon
                type="idcard"
              />
            }
            prefixCls="ant-input"
            type="text"
          />
        </FormItem>
        <FormItem
          className="div-register-button"
          colon={true}
          hasFeedback={false}
          prefixCls="ant-form"
        >
          <Button
            className="button-register"
            ghost={false}
            htmlType="button"
            loading={false}
            onClick={[Function]}
            prefixCls="ant-btn"
            type="pi18nKeyrimary"
          />
        </FormItem>
      </Form>
      <div
        className="div-login"
      >
        <span>
            
        </span>
        <a
          href="/#/login"
          title="login"
        />
      </div>
      <LanguageChange
        changeLanguage={[Function]}
        t={
          [MockFunction] {
            "calls": Array [
              Array [
                "signUp",
              ],
              Array [
                "usernamePlaceholder",
              ],
              Array [
                "emailPalceholder",
              ],
              Array [
                "passwordPlaceholder",
              ],
              Array [
                "repasswordPlaceholder",
              ],
              Array [
                "agePlaceholder",
              ],
              Array [
                "signUp",
              ],
              Array [
                "doHaveAnAccount",
              ],
              Array [
                "loginButton",
              ],
            ],
          }
        }
      />
    </Col>
  </Row>
</div>
`;
